2026-01-05 13:35:42,433 [INFO] Activator:176 - 


2026-01-05 13:35:42,446 [INFO] Activator:177 - !SESSION log4j initialized
2026-01-05 13:35:46,307 [INFO] LogOutputStream:77 - [STDOUT_REDIRECT] 
2026-01-05 13:35:46,681 [INFO] ApplicationProperties:184 - Using Application install path: /home/dim0k/st/stm32cubeide_1.19.0/plugins/com.st.stm32cube.common.mx_6.15.0.202507011659
2026-01-05 13:35:46,692 [INFO] DbMcusXml:78 - Set database path to: /home/dim0k/st/stm32cubeide_1.19.0/plugins/com.st.stm32cube.common.mx_6.15.0.202507011659//db//mcu/
2026-01-05 13:35:46,692 [INFO] ApiDb:274 - Set plugin database path to: /home/dim0k/st/stm32cubeide_1.19.0/plugins/com.st.stm32cube.common.mx_6.15.0.202507011659//db//plugins/boardmanager/
2026-01-05 13:35:46,692 [WARN] ApiDb:259 - Overriding images path with different value:  => /home/dim0k/st/stm32cubeide_1.19.0/plugins/com.st.stm32cube.common.mx_6.15.0.202507011659//db//plugins/mcufinder/images/
2026-01-05 13:35:46,698 [INFO] ApiDb:250 - Set database path to: /home/dim0k/.stmcufinder/plugins/mcufinder//mcu/
2026-01-05 13:35:46,699 [INFO] DbMcusAds:125 - Set database path to: /home/dim0k/.stmcufinder/plugins/mcufinder//mcu/
2026-01-05 13:35:46,700 [INFO] CrossReferenceDbSqlite:203 - Set database path to: /home/dim0k/.stmcufinder/plugins/mcufinder//mcu/cs/
2026-01-05 13:35:46,767 [INFO] RulesReader:64 - Compatibility file has been processed (317 Rules)
2026-01-05 13:35:46,809 [INFO] DbMcusXml:78 - Set database path to: /home/dim0k/st/stm32cubeide_1.19.0/plugins/com.st.stm32cube.common.mx_6.15.0.202507011659//db//mcu/
2026-01-05 13:35:46,809 [INFO] ApiDb:274 - Set plugin database path to: /home/dim0k/st/stm32cubeide_1.19.0/plugins/com.st.stm32cube.common.mx_6.15.0.202507011659//db//plugins/boardmanager/
2026-01-05 13:35:46,809 [INFO] ApiDb:261 - Set plugin images path to: /home/dim0k/st/stm32cubeide_1.19.0/plugins/com.st.stm32cube.common.mx_6.15.0.202507011659//db//plugins/mcufinder/images/
2026-01-05 13:35:46,809 [WARN] DbFile:41 - Overriding database path with different value: /home/dim0k/.stmcufinder/plugins/mcufinder/ => /home/dim0k/.stmcufinder/plugins/mcufinder
2026-01-05 13:35:46,809 [INFO] ApiDb:250 - Set database path to: /home/dim0k/.stmcufinder/plugins/mcufinder//mcu/
2026-01-05 13:35:46,810 [WARN] DbFile:41 - Overriding database path with different value: /home/dim0k/.stmcufinder/plugins/mcufinder/ => /home/dim0k/.stmcufinder/plugins/mcufinder
2026-01-05 13:35:46,810 [INFO] DbMcusAds:125 - Set database path to: /home/dim0k/.stmcufinder/plugins/mcufinder//mcu/
2026-01-05 13:35:46,810 [WARN] DbFile:41 - Overriding database path with different value: /home/dim0k/.stmcufinder/plugins/mcufinder/ => /home/dim0k/.stmcufinder/plugins/mcufinder
2026-01-05 13:35:46,810 [WARN] DbFile:41 - Overriding database path with different value: /home/dim0k/.stmcufinder/plugins/mcufinder/ => /home/dim0k/.stmcufinder/plugins/mcufinder
2026-01-05 13:35:46,810 [INFO] CrossReferenceDbSqlite:203 - Set database path to: /home/dim0k/.stmcufinder/plugins/mcufinder//mcu/cs/
2026-01-05 13:35:46,853 [INFO] MainPanel:274 - HeapMemory: 268435456
2026-01-05 13:35:46,999 [INFO] DbMcusXml:78 - Set database path to: /home/dim0k/st/stm32cubeide_1.19.0/plugins/com.st.stm32cube.common.mx_6.15.0.202507011659//db//mcu/
2026-01-05 13:35:46,999 [INFO] ApiDb:274 - Set plugin database path to: /home/dim0k/st/stm32cubeide_1.19.0/plugins/com.st.stm32cube.common.mx_6.15.0.202507011659//db//plugins/boardmanager/
2026-01-05 13:35:46,999 [INFO] ApiDb:261 - Set plugin images path to: /home/dim0k/st/stm32cubeide_1.19.0/plugins/com.st.stm32cube.common.mx_6.15.0.202507011659//db//plugins/mcufinder/images/
2026-01-05 13:35:47,000 [WARN] DbFile:41 - Overriding database path with different value: /home/dim0k/.stmcufinder/plugins/mcufinder/ => /home/dim0k/.stmcufinder/plugins/mcufinder
2026-01-05 13:35:47,000 [INFO] ApiDb:250 - Set database path to: /home/dim0k/.stmcufinder/plugins/mcufinder//mcu/
2026-01-05 13:35:47,000 [WARN] DbFile:41 - Overriding database path with different value: /home/dim0k/.stmcufinder/plugins/mcufinder/ => /home/dim0k/.stmcufinder/plugins/mcufinder
2026-01-05 13:35:47,000 [INFO] DbMcusAds:125 - Set database path to: /home/dim0k/.stmcufinder/plugins/mcufinder//mcu/
2026-01-05 13:35:47,000 [WARN] DbFile:41 - Overriding database path with different value: /home/dim0k/.stmcufinder/plugins/mcufinder/ => /home/dim0k/.stmcufinder/plugins/mcufinder
2026-01-05 13:35:47,000 [WARN] DbFile:41 - Overriding database path with different value: /home/dim0k/.stmcufinder/plugins/mcufinder/ => /home/dim0k/.stmcufinder/plugins/mcufinder
2026-01-05 13:35:47,000 [INFO] CrossReferenceDbSqlite:203 - Set database path to: /home/dim0k/.stmcufinder/plugins/mcufinder//mcu/cs/
2026-01-05 13:35:47,009 [INFO] ApplicationProperties:184 - Using Application install path: /home/dim0k/st/stm32cubeide_1.19.0/plugins/com.st.stm32cube.common.mx_6.15.0.202507011659
2026-01-05 13:35:47,010 [INFO] PluginManage:196 - Search for loadable plugins [exclusion list=, ]
2026-01-05 13:35:47,011 [INFO] PluginManage:310 - Check plugin analytics
2026-01-05 13:35:47,123 [INFO] AnalyticsPlugin:253 - Accepted Software Licenses: STM32CubeMX.6.16.0
2026-01-05 13:35:47,123 [INFO] AnalyticsPlugin:255 - Accepted CMSIS Pack Licenses: 
2026-01-05 13:35:47,123 [INFO] AnalyticsPlugin:257 - Accepted Firmware Licenses: FW.F4.1.28.0
2026-01-05 13:35:47,124 [INFO] PluginManage:359 - Loaded plugin analytics (category:tool,tabindex:-1)
2026-01-05 13:35:47,124 [INFO] PluginManage:310 - Check plugin cadmodel
2026-01-05 13:35:47,128 [INFO] CADModel:105 - Init CAD model plugin
2026-01-05 13:35:47,128 [INFO] PluginManage:359 - Loaded plugin cadmodel (category:power,tabindex:5)
2026-01-05 13:35:47,128 [INFO] PluginManage:310 - Check plugin clock
2026-01-05 13:35:47,134 [INFO] PluginManage:359 - Loaded plugin clock (category:base,tabindex:2)
2026-01-05 13:35:47,135 [INFO] PluginManage:310 - Check plugin ddr
2026-01-05 13:35:47,136 [INFO] PluginManage:359 - Loaded plugin ddr (category:tool,tabindex:6)
2026-01-05 13:35:47,136 [INFO] PluginManage:310 - Check plugin filemanager
2026-01-05 13:35:47,308 [INFO] PluginManage:359 - Loaded plugin filemanager (category:base,tabindex:10)
2026-01-05 13:35:47,308 [INFO] PluginManage:310 - Check plugin ipmanager
2026-01-05 13:35:47,311 [INFO] PluginManage:359 - Loaded plugin ipmanager (category:base,tabindex:5)
2026-01-05 13:35:47,312 [INFO] PluginManage:310 - Check plugin lpbam
2026-01-05 13:35:47,318 [INFO] PluginManage:359 - Loaded plugin lpbam (category:base,tabindex:0)
2026-01-05 13:35:47,318 [INFO] PluginManage:310 - Check plugin memorymap
2026-01-05 13:35:47,328 [INFO] PluginManage:359 - Loaded plugin memorymap (category:base,tabindex:4)
2026-01-05 13:35:47,328 [INFO] PluginManage:310 - Check plugin pinoutandconfiguration
2026-01-05 13:35:47,335 [INFO] PluginManage:359 - Loaded plugin pinoutandconfiguration (category:base,tabindex:1)
2026-01-05 13:35:47,335 [INFO] PluginManage:310 - Check plugin pinoutconfig
2026-01-05 13:35:47,412 [WARN] SupportedApi:132 - Cannot load RTOS API schema: s4s-elt-must-match.1: The content of 'definitions' must match (annotation?, (simpleType | complexType)?, (unique | key | keyref)*)). A problem was found starting at: attribute.
2026-01-05 13:35:47,491 [INFO] PluginManage:359 - Loaded plugin pinoutconfig (category:base,tabindex:0)
2026-01-05 13:35:47,492 [INFO] PluginManage:310 - Check plugin power
2026-01-05 13:35:47,498 [INFO] PluginManage:359 - Loaded plugin power (category:power,tabindex:4)
2026-01-05 13:35:47,499 [INFO] PluginManage:310 - Check plugin projectmanager
2026-01-05 13:35:47,508 [INFO] PluginManage:359 - Loaded plugin projectmanager (category:projectmanager,tabindex:4)
2026-01-05 13:35:47,508 [INFO] PluginManage:310 - Check plugin rif
2026-01-05 13:35:47,515 [INFO] PluginManage:359 - Loaded plugin rif (category:base,tabindex:3)
2026-01-05 13:35:47,515 [INFO] PluginManage:310 - Check plugin thirdparty
2026-01-05 13:35:47,604 [INFO] PluginManage:359 - Loaded plugin thirdparty (category:base,tabindex:-1)
2026-01-05 13:35:47,604 [WARN] IntegrityCheckThread:84 - waiting for thirdparty lock release [integrity check]
2026-01-05 13:35:47,604 [INFO] PluginManage:310 - Check plugin tools
2026-01-05 13:35:47,604 [INFO] IntegrityCheckThread:86 - entering critical section [integrity check]
2026-01-05 13:35:47,604 [INFO] ThirdPartyUpdaterWithRetryManager:70 - Updater plugin not ready yet. [1/15]
2026-01-05 13:35:47,606 [INFO] PluginManage:359 - Loaded plugin tools (category:base,tabindex:7)
2026-01-05 13:35:47,606 [INFO] PluginManage:310 - Check plugin tutovideos
2026-01-05 13:35:47,734 [INFO] PluginManage:359 - Loaded plugin tutovideos (category:base,tabindex:-1)
2026-01-05 13:35:47,734 [INFO] PluginManage:310 - Check plugin updater
2026-01-05 13:35:47,748 [INFO] PluginManage:359 - Loaded plugin updater (category:base,tabindex:12)
2026-01-05 13:35:47,748 [INFO] PluginManage:310 - Check plugin userauth
2026-01-05 13:35:47,752 [INFO] UserAuth:118 - Init User Auth plugin
2026-01-05 13:35:47,753 [INFO] PluginManage:359 - Loaded plugin userauth (category:base,tabindex:14)
2026-01-05 13:35:47,753 [INFO] PluginManage:283 - PluginManage : Loaded plugins [18]
2026-01-05 13:35:47,866 [INFO] PinOutPanel:1589 - setPackage(No Configuration,No Configuration)
2026-01-05 13:35:47,910 [INFO] CADModel:165 - CPN selected for project level
2026-01-05 13:35:47,911 [INFO] CADModel:114 - Register for checkConnection events
2026-01-05 13:35:47,924 [INFO] IPUIPlugin:80 - create IPUIPlugin
2026-01-05 13:35:47,925 [INFO] PluginManager:220 - loadIPPluginJar : add stm32_wpan
2026-01-05 13:35:47,926 [INFO] IPUIPlugin:80 - create IPUIPlugin
2026-01-05 13:35:47,926 [INFO] PluginManager:220 - loadIPPluginJar : add tracer_emb
2026-01-05 13:35:47,928 [INFO] IPUIPlugin:80 - create IPUIPlugin
2026-01-05 13:35:47,929 [INFO] PluginManager:220 - loadIPPluginJar : add nvic
2026-01-05 13:35:47,930 [INFO] IPUIPlugin:80 - create IPUIPlugin
2026-01-05 13:35:47,930 [INFO] PluginManager:220 - loadIPPluginJar : add extmemmanager
2026-01-05 13:35:47,934 [INFO] IPUIPlugin:80 - create IPUIPlugin
2026-01-05 13:35:47,936 [INFO] PluginManager:220 - loadIPPluginJar : add plateformsettings
2026-01-05 13:35:47,937 [INFO] IPUIPlugin:80 - create IPUIPlugin
2026-01-05 13:35:47,937 [INFO] PluginManager:220 - loadIPPluginJar : add cryp
2026-01-05 13:35:47,939 [INFO] IPUIPlugin:80 - create IPUIPlugin
2026-01-05 13:35:47,939 [INFO] PluginManager:220 - loadIPPluginJar : add i2c
2026-01-05 13:35:47,940 [INFO] IPUIPlugin:80 - create IPUIPlugin
2026-01-05 13:35:47,940 [INFO] PluginManager:220 - loadIPPluginJar : add comp
2026-01-05 13:35:47,941 [INFO] IPUIPlugin:80 - create IPUIPlugin
2026-01-05 13:35:47,941 [INFO] PluginManager:220 - loadIPPluginJar : add tsc
2026-01-05 13:35:47,942 [INFO] IPUIPlugin:80 - create IPUIPlugin
2026-01-05 13:35:47,942 [INFO] PluginManager:220 - loadIPPluginJar : add usart
2026-01-05 13:35:47,943 [INFO] IPUIPlugin:80 - create IPUIPlugin
2026-01-05 13:35:47,943 [INFO] PluginManager:220 - loadIPPluginJar : add spi
2026-01-05 13:35:47,948 [INFO] IPUIPlugin:80 - create IPUIPlugin
2026-01-05 13:35:47,948 [INFO] PluginManager:220 - loadIPPluginJar : add linkedlist
2026-01-05 13:35:47,949 [INFO] IPUIPlugin:80 - create IPUIPlugin
2026-01-05 13:35:47,950 [INFO] PluginManager:220 - loadIPPluginJar : add i3c
2026-01-05 13:35:47,951 [INFO] IPUIPlugin:80 - create IPUIPlugin
2026-01-05 13:35:47,951 [INFO] PluginManager:220 - loadIPPluginJar : add opamp
2026-01-05 13:35:47,952 [INFO] IPUIPlugin:80 - create IPUIPlugin
2026-01-05 13:35:47,952 [INFO] PluginManager:220 - loadIPPluginJar : add quadspi
2026-01-05 13:35:47,954 [INFO] IPUIPlugin:80 - create IPUIPlugin
2026-01-05 13:35:47,954 [INFO] PluginManager:220 - loadIPPluginJar : add ddr_ctrl_phy
2026-01-05 13:35:47,956 [INFO] IPUIPlugin:80 - create IPUIPlugin
2026-01-05 13:35:47,956 [INFO] PluginManager:220 - loadIPPluginJar : add touchsensing
2026-01-05 13:35:47,958 [INFO] IPUIPlugin:80 - create IPUIPlugin
2026-01-05 13:35:47,959 [INFO] PluginManager:220 - loadIPPluginJar : add gpio
2026-01-05 13:35:47,960 [INFO] IPUIPlugin:80 - create IPUIPlugin
2026-01-05 13:35:47,960 [INFO] PluginManager:220 - loadIPPluginJar : add lorawan
2026-01-05 13:35:47,964 [INFO] IPUIPlugin:80 - create IPUIPlugin
2026-01-05 13:35:47,964 [INFO] PluginManager:220 - loadIPPluginJar : add mdma
2026-01-05 13:35:47,965 [INFO] IPUIPlugin:80 - create IPUIPlugin
2026-01-05 13:35:47,965 [INFO] PluginManager:220 - loadIPPluginJar : add hash
2026-01-05 13:35:47,966 [INFO] IPUIPlugin:80 - create IPUIPlugin
2026-01-05 13:35:47,966 [INFO] PluginManager:220 - loadIPPluginJar : add ltdc
2026-01-05 13:35:47,967 [INFO] IPUIPlugin:80 - create IPUIPlugin
2026-01-05 13:35:47,967 [INFO] PluginManager:220 - loadIPPluginJar : add genericplugin
2026-01-05 13:35:47,969 [INFO] IPUIPlugin:80 - create IPUIPlugin
2026-01-05 13:35:47,969 [INFO] PluginManager:220 - loadIPPluginJar : add openamp
2026-01-05 13:35:47,973 [INFO] IPUIPlugin:80 - create IPUIPlugin
2026-01-05 13:35:47,973 [INFO] PluginManager:220 - loadIPPluginJar : add freertos
2026-01-05 13:35:47,974 [INFO] IPUIPlugin:80 - create IPUIPlugin
2026-01-05 13:35:47,974 [INFO] PluginManager:220 - loadIPPluginJar : add i2s
2026-01-05 13:35:47,977 [INFO] IPUIPlugin:80 - create IPUIPlugin
2026-01-05 13:35:47,977 [INFO] PluginManager:220 - loadIPPluginJar : add gic
2026-01-05 13:35:47,979 [INFO] IPUIPlugin:80 - create IPUIPlugin
2026-01-05 13:35:47,979 [INFO] PluginManager:220 - loadIPPluginJar : add pdm2pcm
2026-01-05 13:35:47,980 [INFO] IPUIPlugin:80 - create IPUIPlugin
2026-01-05 13:35:47,980 [INFO] PluginManager:220 - loadIPPluginJar : add dfsdm
2026-01-05 13:35:47,981 [INFO] IPUIPlugin:80 - create IPUIPlugin
2026-01-05 13:35:47,981 [INFO] PluginManager:220 - loadIPPluginJar : add ts
2026-01-05 13:35:47,985 [INFO] IPUIPlugin:80 - create IPUIPlugin
2026-01-05 13:35:47,985 [INFO] PluginManager:220 - loadIPPluginJar : add adc
2026-01-05 13:35:47,986 [INFO] IPUIPlugin:80 - create IPUIPlugin
2026-01-05 13:35:47,986 [INFO] PluginManager:220 - loadIPPluginJar : add gtzc
2026-01-05 13:35:47,987 [INFO] IPUIPlugin:80 - create IPUIPlugin
2026-01-05 13:35:47,987 [INFO] PluginManager:220 - loadIPPluginJar : add can
2026-01-05 13:35:47,990 [INFO] IPUIPlugin:80 - create IPUIPlugin
2026-01-05 13:35:47,990 [INFO] PluginManager:220 - loadIPPluginJar : add ipddr
2026-01-05 13:35:47,991 [INFO] IPUIPlugin:80 - create IPUIPlugin
2026-01-05 13:35:47,991 [INFO] PluginManager:220 - loadIPPluginJar : add usbx
2026-01-05 13:35:47,994 [INFO] IPUIPlugin:80 - create IPUIPlugin
2026-01-05 13:35:47,994 [INFO] PluginManager:220 - loadIPPluginJar : add fmc
2026-01-05 13:35:47,995 [INFO] IPUIPlugin:80 - create IPUIPlugin
2026-01-05 13:35:47,995 [INFO] PluginManager:220 - loadIPPluginJar : add ucpd
2026-01-05 13:35:47,998 [INFO] IPUIPlugin:80 - create IPUIPlugin
2026-01-05 13:35:47,998 [INFO] PluginManager:220 - loadIPPluginJar : add dma
2026-01-05 13:35:47,999 [INFO] IPUIPlugin:80 - create IPUIPlugin
2026-01-05 13:35:47,999 [INFO] PluginManager:220 - loadIPPluginJar : add radio
2026-01-05 13:35:48,002 [INFO] IPUIPlugin:80 - create IPUIPlugin
2026-01-05 13:35:48,002 [INFO] PluginManager:220 - loadIPPluginJar : add resmgrutility
2026-01-05 13:35:48,003 [INFO] IPUIPlugin:80 - create IPUIPlugin
2026-01-05 13:35:48,003 [INFO] PluginManager:220 - loadIPPluginJar : add dma3
2026-01-05 13:35:48,004 [INFO] IPUIPlugin:80 - create IPUIPlugin
2026-01-05 13:35:48,004 [INFO] PluginManager:220 - loadIPPluginJar : add fatfs
2026-01-05 13:35:48,005 [INFO] IPUIPlugin:80 - create IPUIPlugin
2026-01-05 13:35:48,005 [INFO] PluginManager:220 - loadIPPluginJar : add aes
2026-01-05 13:35:48,006 [INFO] IPUIPlugin:80 - create IPUIPlugin
2026-01-05 13:35:48,006 [INFO] PluginManager:220 - loadIPPluginJar : add gfxmmu
2026-01-05 13:35:48,008 [INFO] IPUIPlugin:80 - create IPUIPlugin
2026-01-05 13:35:48,008 [INFO] PluginManager:220 - loadIPPluginJar : add sai
2026-01-05 13:35:48,009 [INFO] IPUIPlugin:80 - create IPUIPlugin
2026-01-05 13:35:48,009 [INFO] PluginManager:220 - loadIPPluginJar : add tim
2026-01-05 13:35:48,098 [FATAL] Updater:351 - Updater called before beeing initialized
2026-01-05 13:35:48,135 [INFO] RulesReader:64 - Compatibility file has been processed (317 Rules)
2026-01-05 13:35:48,146 [INFO] RulesReader:64 - Compatibility file has been processed (317 Rules)
2026-01-05 13:35:48,151 [INFO] CADModel:165 - CPN selected for project level
2026-01-05 13:35:48,151 [INFO] CADModel:114 - Register for checkConnection events
2026-01-05 13:35:48,151 [FATAL] Updater:351 - Updater called before beeing initialized
2026-01-05 13:35:48,152 [ERROR] CADModel:125 - Updater not yet initialized, retry later 
2026-01-05 13:35:48,234 [FATAL] Updater:351 - Updater called before beeing initialized
2026-01-05 13:35:48,235 [INFO] CADModel:165 - CPN selected for project level
2026-01-05 13:35:48,235 [INFO] CADModel:114 - Register for checkConnection events
2026-01-05 13:35:48,236 [FATAL] Updater:351 - Updater called before beeing initialized
2026-01-05 13:35:48,236 [ERROR] CADModel:125 - Updater not yet initialized, retry later 
2026-01-05 13:35:48,237 [FATAL] Updater:351 - Updater called before beeing initialized
2026-01-05 13:35:48,309 [FATAL] Updater:351 - Updater called before beeing initialized
2026-01-05 13:35:48,311 [INFO] DbMcusAds:53 - JSON generation date=Thu Sep 30 09:55:09 MSK 2021 (1632984909247)
2026-01-05 13:35:48,312 [FATAL] Updater:351 - Updater called before beeing initialized
2026-01-05 13:35:48,336 [WARN] DetailPanel:346 - Failed to get advertising image, set to default
2026-01-05 13:35:48,381 [FATAL] Updater:351 - Updater called before beeing initialized
2026-01-05 13:35:48,382 [FATAL] Updater:351 - Updater called before beeing initialized
2026-01-05 13:35:48,382 [FATAL] Updater:351 - Updater called before beeing initialized
2026-01-05 13:35:48,383 [WARN] DetailPanel:346 - Failed to get advertising image, set to default
2026-01-05 13:35:48,383 [FATAL] Updater:351 - Updater called before beeing initialized
2026-01-05 13:35:48,402 [ERROR] Updater:1198 - MainUpdater not yet initialized. External WinMGr cannot be set.
2026-01-05 13:35:48,403 [INFO] Updater:1134 - Updater Version found : 6.15.0
2026-01-05 13:35:48,413 [INFO] ApplicationProperties:184 - Using Application install path: /home/dim0k/st/stm32cubeide_1.19.0/plugins/com.st.stm32cube.common.mx_6.15.0.202507011659
2026-01-05 13:35:48,586 [ERROR] CheckConnectionManager:249 - Problem, Http access forbiden
2026-01-05 13:35:48,588 [INFO] MainUpdater:2872 - connection check result : 22
2026-01-05 13:35:48,589 [INFO] MainUpdater:289 - Updater Check For Update Now.
2026-01-05 13:35:48,589 [INFO] MicroXplorer:498 - Change Database Version : DB.6.0.150
2026-01-05 13:35:48,591 [INFO] McuFinderGlobals:63 - Set McuFinder mode to 2 (CubeIDE integrated)
2026-01-05 13:35:48,592 [INFO] UserAuth:171 - activating auth plugin
2026-01-05 13:35:48,593 [INFO] UserAuth:487 - Internet connection configuration mode: 2
2026-01-05 13:35:48,596 [INFO] UserAuth:487 - Internet connection configuration mode: 2
2026-01-05 13:35:48,749 [INFO] CheckServerUpdateThread:120 - End of CheckServer Thread
2026-01-05 13:35:50,651 [INFO] ThirdParty:978 - Integrity check success = true
2026-01-05 13:35:50,651 [INFO] IntegrityCheckThread:100 - exiting critical section [integrity check]
2026-01-05 13:35:50,652 [INFO] IntegrityCheckThread:103 - End integrity checks thread
