21:07:57 **** Incremental Build of configuration Debug for project hw5 ****
make -j16 all 
arm-none-eabi-gcc "../Core/Src/hex_sender.c" -mcpu=cortex-m4 -std=gnu11 -g3 -DDEBUG -DUSE_HAL_DRIVER -DSTM32F411xE -c -I../Core/Inc -I../Drivers/STM32F4xx_HAL_Driver/Inc -I../Drivers/STM32F4xx_HAL_Driver/Inc/Legacy -I../Drivers/CMSIS/Device/ST/STM32F4xx/Include -I../Drivers/CMSIS/Include -I../USB_DEVICE/App -I../USB_DEVICE/Target -I../Middlewares/ST/STM32_USB_Device_Library/Core/Inc -I../Middlewares/ST/STM32_USB_Device_Library/Class/CDC/Inc -O0 -ffunction-sections -fdata-sections -Wall -fstack-usage -fcyclomatic-complexity -MMD -MP -MF"Core/Src/hex_sender.d" -MT"Core/Src/hex_sender.o" --specs=nano.specs -mfpu=fpv4-sp-d16 -mfloat-abi=hard -mthumb -o "Core/Src/hex_sender.o"
arm-none-eabi-gcc -o "hw5.elf" @"objects.list"   -mcpu=cortex-m4 -T"/mnt/DATA-1/0Dev/MC-Dev/0-LESSONS/01/src/work4dak/5-stm32-basic/hw5/STM32F411RETX_FLASH.ld" --specs=nosys.specs -Wl,-Map="hw5.map" -Wl,--gc-sections -static --specs=nano.specs -mfpu=fpv4-sp-d16 -mfloat-abi=hard -mthumb -Wl,--start-group -lc -lm -Wl,--end-group
Finished building target: hw5.elf
 
arm-none-eabi-size  hw5.elf 
arm-none-eabi-objdump -h -S hw5.elf  > "hw5.list"
   text	   data	    bss	    dec	    hex	filename
  34848	    332	   9116	  44296	   ad08	hw5.elf
Finished building: default.size.stdout
 
Finished building: hw5.list
 
21:07:59 **** Incremental Build of configuration Debug for project hw5 ****
make -j16 all 
arm-none-eabi-size  hw5.elf 
   text	   data	    bss	    dec	    hex	filename
  34848	    332	   9116	  44296	   ad08	hw5.elf
Finished building: default.size.stdout
 
