23:58:00 **** Incremental Build of configuration Debug for project Course ****
make -j16 all 
arm-none-eabi-gcc "../Core/Src/main.c" -mcpu=cortex-m4 -std=gnu11 -g3 -DDEBUG -DUSE_HAL_DRIVER -DSTM32F411xE -c -I../Core/Inc -I../Drivers/STM32F4xx_HAL_Driver/Inc -I../Drivers/STM32F4xx_HAL_Driver/Inc/Legacy -I../Drivers/CMSIS/Device/ST/STM32F4xx/Include -I../Drivers/CMSIS/Include -O0 -ffunction-sections -fdata-sections -Wall -fstack-usage -fcyclomatic-complexity -MMD -MP -MF"Core/Src/main.d" -MT"Core/Src/main.o" --specs=nano.specs -mfpu=fpv4-sp-d16 -mfloat-abi=hard -mthumb -o "Core/Src/main.o"
In file included from ../Core/Src/main.c:30:
../Core/Inc/tft_st7789.h:180:13: warning: 'TFT_WriteCommand' declared 'static' but never defined [-Wunused-function]
  180 | static void TFT_WriteCommand(uint8_t cmd);
      |             ^~~~~~~~~~~~~~~~
../Core/Inc/tft_st7789.h:181:13: warning: 'TFT_WriteData' declared 'static' but never defined [-Wunused-function]
  181 | static void TFT_WriteData(uint8_t data);
      |             ^~~~~~~~~~~~~
../Core/Inc/tft_st7789.h:182:13: warning: 'TFT_WriteDataBurst' declared 'static' but never defined [-Wunused-function]
  182 | static void TFT_WriteDataBurst(uint8_t *data, uint32_t size);
      |             ^~~~~~~~~~~~~~~~~~
arm-none-eabi-gcc -o "Course.elf" @"objects.list"   -mcpu=cortex-m4 -T"/mnt/DATA-1/0Dev/MC-Dev/0-LESSONS/01/src/work4dak/5-stm32-basic/Course/STM32F411RETX_FLASH.ld" --specs=nosys.specs -Wl,-Map="Course.map" -Wl,--gc-sections -static --specs=nano.specs -mfpu=fpv4-sp-d16 -mfloat-abi=hard -mthumb -Wl,--start-group -lc -lm -Wl,--end-group
Finished building target: Course.elf
 
arm-none-eabi-size  Course.elf 
arm-none-eabi-objdump -h -S Course.elf  > "Course.list"
   text	   data	    bss	    dec	    hex	filename
  41208	     96	   2352	  43656	   aa88	Course.elf
Finished building: default.size.stdout
 
Finished building: Course.list
 
23:58:03 **** Incremental Build of configuration Debug for project Course ****
make -j16 all 
arm-none-eabi-size  Course.elf 
   text	   data	    bss	    dec	    hex	filename
  41208	     96	   2352	  43656	   aa88	Course.elf
Finished building: default.size.stdout
 
