12:05:20 **** Incremental Build of configuration Debug for project hw8 ****
make -j16 all 
arm-none-eabi-gcc "../Core/Src/main.c" -mcpu=cortex-m4 -std=gnu11 -g3 -DDEBUG -DUSE_HAL_DRIVER -DSTM32F411xE -c -I../Core/Inc -I../Drivers/STM32F4xx_HAL_Driver/Inc -I../Drivers/STM32F4xx_HAL_Driver/Inc/Legacy -I../Drivers/CMSIS/Device/ST/STM32F4xx/Include -I../Drivers/CMSIS/Include -I../FATFS/Target -I../FATFS/App -I../Middlewares/Third_Party/FatFs/src -I../USB_DEVICE/App -I../USB_DEVICE/Target -I../Middlewares/ST/STM32_USB_Device_Library/Core/Inc -I../Middlewares/ST/STM32_USB_Device_Library/Class/MSC/Inc -O0 -ffunction-sections -fdata-sections -Wall -fstack-usage -fcyclomatic-complexity -MMD -MP -MF"Core/Src/main.d" -MT"Core/Src/main.o" --specs=nano.specs -mfpu=fpv4-sp-d16 -mfloat-abi=hard -mthumb -o "Core/Src/main.o"
arm-none-eabi-gcc -o "hw8.elf" @"objects.list"   -mcpu=cortex-m4 -T"/mnt/DATA-1/0Dev/MC-Dev/0-LESSONS/01/src/work4dak/5-stm32-basic/hw8/STM32F411RETX_FLASH.ld" --specs=nosys.specs -Wl,-Map="hw8.map" -Wl,--gc-sections -static --specs=nano.specs -mfpu=fpv4-sp-d16 -mfloat-abi=hard -mthumb -Wl,--start-group -lc -lm -Wl,--end-group
Finished building target: hw8.elf
 
arm-none-eabi-size  hw8.elf 
arm-none-eabi-objdump -h -S hw8.elf  > "hw8.list"
   text	   data	    bss	    dec	    hex	filename
  55488	    352	  43224	  99064	  182f8	hw8.elf
Finished building: default.size.stdout
 
Finished building: hw8.list
 
12:05:26 **** Incremental Build of configuration Debug for project hw8 ****
make -j16 all 
arm-none-eabi-size  hw8.elf 
   text	   data	    bss	    dec	    hex	filename
  55488	    352	  43224	  99064	  182f8	hw8.elf
Finished building: default.size.stdout
 
