19:49:17 **** Incremental Build of configuration Debug for project hw1 ****
make -j16 all 
arm-none-eabi-gcc "../Core/Src/main.c" -mcpu=cortex-m4 -std=gnu11 -g3 -DDEBUG -DUSE_HAL_DRIVER -DSTM32F411xE -c -I../Core/Inc -I../Drivers/STM32F4xx_HAL_Driver/Inc -I../Drivers/STM32F4xx_HAL_Driver/Inc/Legacy -I../Drivers/CMSIS/Device/ST/STM32F4xx/Include -I../Drivers/CMSIS/Include -O0 -ffunction-sections -fdata-sections -Wall -fstack-usage -fcyclomatic-complexity -MMD -MP -MF"Core/Src/main.d" -MT"Core/Src/main.o" --specs=nano.specs -mfpu=fpv4-sp-d16 -mfloat-abi=hard -mthumb -o "Core/Src/main.o"
arm-none-eabi-gcc -o "hw1.elf" @"objects.list"   -mcpu=cortex-m4 -T"/media/dim0k/DATA-1/0Dev/MC-Dev/0-LESSONS/01/src/work4dak/5-stm32-basic/hw1/STM32F411RETX_FLASH.ld" --specs=nosys.specs -Wl,-Map="hw1.map" -Wl,--gc-sections -static --specs=nano.specs -mfpu=fpv4-sp-d16 -mfloat-abi=hard -mthumb -Wl,--start-group -lc -lm -Wl,--end-group
Finished building target: hw1.elf
 
arm-none-eabi-size  hw1.elf 
arm-none-eabi-objdump -h -S hw1.elf  > "hw1.list"
   text	   data	    bss	    dec	    hex	filename
   7856	     12	   1644	   9512	   2528	hw1.elf
Finished building: default.size.stdout
 
Finished building: hw1.list
 
19:57:34 **** Incremental Build of configuration Debug for project hw1 ****
make -j16 all 
arm-none-eabi-size  hw1.elf 
   text	   data	    bss	    dec	    hex	filename
   7856	     12	   1644	   9512	   2528	hw1.elf
Finished building: default.size.stdout
 
22:46:55 **** Build of configuration Debug for project hw1 ****
make -j16 all 
arm-none-eabi-size  hw1.elf 
   text	   data	    bss	    dec	    hex	filename
   7856	     12	   1644	   9512	   2528	hw1.elf
Finished building: default.size.stdout
 
