14:47:35 **** Incremental Build of configuration Debug for project hw4 ****
make -j16 all 
arm-none-eabi-gcc "../Core/Src/main.c" -mcpu=cortex-m4 -std=gnu11 -g3 -DDEBUG -DUSE_HAL_DRIVER -DSTM32F411xE -c -I../Core/Inc -I../Drivers/STM32F4xx_HAL_Driver/Inc -I../Drivers/STM32F4xx_HAL_Driver/Inc/Legacy -I../Drivers/CMSIS/Device/ST/STM32F4xx/Include -I../Drivers/CMSIS/Include -O0 -ffunction-sections -fdata-sections -Wall -fstack-usage -fcyclomatic-complexity -MMD -MP -MF"Core/Src/main.d" -MT"Core/Src/main.o" --specs=nano.specs -mfpu=fpv4-sp-d16 -mfloat-abi=hard -mthumb -o "Core/Src/main.o"
arm-none-eabi-gcc -o "hw4.elf" @"objects.list"   -mcpu=cortex-m4 -T"/mnt/DATA-1/0Dev/MC-Dev/0-LESSONS/01/src/work4dak/5-stm32-basic/hw4/STM32F411RETX_FLASH.ld" --specs=nosys.specs -Wl,-Map="hw4.map" -Wl,--gc-sections -static --specs=nano.specs -mfpu=fpv4-sp-d16 -mfloat-abi=hard -mthumb -Wl,--start-group -lc -lm -Wl,--end-group
Finished building target: hw4.elf
 
arm-none-eabi-size  hw4.elf 
arm-none-eabi-objdump -h -S hw4.elf  > "hw4.list"
   text	   data	    bss	    dec	    hex	filename
  12052	     16	   1736	  13804	   35ec	hw4.elf
Finished building: default.size.stdout
 
Finished building: hw4.list
 
14:47:38 **** Incremental Build of configuration Debug for project hw4 ****
make -j16 all 
arm-none-eabi-size  hw4.elf 
   text	   data	    bss	    dec	    hex	filename
  12052	     16	   1736	  13804	   35ec	hw4.elf
Finished building: default.size.stdout
 
